2015-01-08T10:18:13.300+1100: 237468.441: [Full GC [PSYoungGen: 18491K->0K(1373952K)] [ParOldGen: 2785705K->1454927K(2796224K)] 2804197K->1454927K(4170176K) [PSPermGen: 62404K->62318K(136064K)], 2.4211510 secs] [Times: user=6.74 sys=0.00, real=2.42 secs]
{Heap before GC invocations=737 (full 4):
 PSYoungGen      total 1370560K, used 17774K [0x00000007aaab0000, 0x0000000800000000, 0x0000000800000000)
  eden space 1343168K, 0% used [0x00000007aaab0000,0x00000007aaab0000,0x00000007fca60000)
  from space 27392K, 64% used [0x00000007fca60000,0x00000007fdbbb8c0,0x00000007fe520000)
  to   space 26432K, 0% used [0x00000007fe630000,0x00000007fe630000,0x0000000800000000)
 ParOldGen       total 2796224K, used 2780575K [0x0000000700000000, 0x00000007aaab0000, 0x00000007aaab0000)
  object space 2796224K, 99% used [0x0000000700000000,0x00000007a9b67d40,0x00000007aaab0000)
 PSPermGen       total 136064K, used 62378K [0x00000006e0000000, 0x00000006e84e0000, 0x0000000700000000)
  object space 136064K, 45% used [0x00000006e0000000,0x00000006e3cea8d8,0x00000006e84e0000)
2015-01-08T15:16:55.969+1100: 255391.110: [Full GC [PSYoungGen: 17774K->0K(1370560K)] [ParOldGen: 2780575K->1171035K(2796224K)] 2798349K->1171035K(4166784K) [PSPermGen: 62378K->62353K(129408K)], 2.3681400 secs] [Times: user=7.85 sys=0.00, real=2.37 secs]
Heap after GC invocations=737 (full 4):
 PSYoungGen      total 1370560K, used 0K [0x00000007aaab0000, 0x0000000800000000, 0x0000000800000000)
  eden space 1343168K, 0% used [0x00000007aaab0000,0x00000007aaab0000,0x00000007fca60000)
  from space 27392K, 0% used [0x00000007fca60000,0x00000007fca60000,0x00000007fe520000)
  to   space 26432K, 0% used [0x00000007fe630000,0x00000007fe630000,0x0000000800000000)
 ParOldGen       total 2796224K, used 1171035K [0x0000000700000000, 0x00000007aaab0000, 0x00000007aaab0000)
  object space 2796224K, 41% used [0x0000000700000000,0x0000000747796fc0,0x00000007aaab0000)
 PSPermGen       total 129408K, used 62353K [0x00000006e0000000, 0x00000006e7e60000, 0x0000000700000000)
  object space 129408K, 48% used [0x00000006e0000000,0x00000006e3ce46b8,0x00000006e7e60000)
}